../source/LCD_4bit.c:5:9:lcd_read_status	16	static
../source/LCD_4bit.c:26:6:wait_while_busy	8	static
../source/LCD_4bit.c:32:6:lcd_write_4bit	16	static
../source/LCD_4bit.c:43:6:lcd_write_cmd	16	static
../source/LCD_4bit.c:52:13:lcd_write_data	16	static
../source/LCD_4bit.c:61:6:lcd_putchar	16	static
../source/LCD_4bit.c:66:6:lcd_init_port	8	static
../source/LCD_4bit.c:81:6:Init_LCD	8	static
../source/LCD_4bit.c:103:6:Set_Cursor	24	static
../source/LCD_4bit.c:112:6:Clear_LCD	8	static
../source/LCD_4bit.c:118:6:Print_LCD	16	static
../source/LCD_4bit.c:124:6:Clear_Bit	8	static
