/Users/maryam/Documents/MCUXpressoIDE_25.6.136/workspace/transmitter-board-communication-switch/CMSIS/core_cm0plus.h:745:22:NVIC_EnableIRQ	16	static
/Users/maryam/Documents/MCUXpressoIDE_25.6.136/workspace/transmitter-board-communication-switch/CMSIS/core_cm0plus.h:791:22:NVIC_ClearPendingIRQ	16	static
/Users/maryam/Documents/MCUXpressoIDE_25.6.136/workspace/transmitter-board-communication-switch/CMSIS/core_cm0plus.h:804:22:NVIC_SetPriority	24	static
/Users/maryam/Documents/MCUXpressoIDE_25.6.136/workspace/transmitter-board-communication-switch/drivers/fsl_common.h:212:20:EnableIRQ	16	static
/Users/maryam/Documents/MCUXpressoIDE_25.6.136/workspace/transmitter-board-communication-switch/drivers/fsl_uart.h:555:23:UART_ReadByte	16	static
../source/main.c:47:6:INIT_PINS	8	static
../source/main.c:77:5:main	16	static
../source/main.c:120:6:PIT_IRQHandler	8	static
../source/main.c:154:6:UART2_IRQHandler	24	static
../source/main.c:173:6:PORTD_IRQHandler	16	static
